// Jest Snapshot v1, https://goo.gl/fbAQLP

exports[`<IconRing/> should render 1`] = `
"%PDF-1.3
%����
7 0 obj
<<
/Type /Page
/Parent 1 0 R
/MediaBox [0 0 595.280029 841.890015]
/Contents 5 0 R
/Resources 6 0 R
>>
endobj
6 0 obj
<<
/ProcSet [/PDF /Text /ImageB /ImageC /ImageI]
>>
endobj
5 0 obj
<<
/Length 388
>>
stream
1 0 0 -1 0 841.890015 cm
q
q
1 0 0 1 0 0 cm
q
q
0 0 m
12 0 l
12 0 12 0 12 0 c
12 12 l
12 12 12 12 12 12 c
0 12 l
0 12 0 12 0 12 c
0 0 l
0 0 0 0 0 0 c
h
W n
1 0 0 1 0 0 cm
0.12 0 0 0.12 0 0 cm
1 0 0 1 0 0 cm
q
15 w
/DeviceRGB CS
0 0 0 SCN
10 50 m
10 27.90861 27.90861 10 50 10 c
72.09139 10 90 27.90861 90 50 c
90 72.09139 72.09139 90 50 90 c
27.90861 90 10 72.09139 10 50 c
h
S
Q
Q
Q
Q
Q

endstream
endobj
9 0 obj
(react-pdf)
endobj
10 0 obj
(react-pdf)
endobj
11 0 obj
(D:20210414183756Z)
endobj
8 0 obj
<<
/Producer 9 0 R
/Creator 10 0 R
/CreationDate 11 0 R
>>
endobj
3 0 obj
<<
/Type /Catalog
/Pages 1 0 R
/Names 2 0 R
/ViewerPreferences 4 0 R
>>
endobj
1 0 obj
<<
/Type /Pages
/Count 1
/Kids [7 0 R]
>>
endobj
2 0 obj
<<
/Dests <<
  /Names [
]
>>
>>
endobj
4 0 obj
<<
/DisplayDocTitle true
>>
endobj
xref
0 12
0000000000 65535 f 
0000000891 00000 n 
0000000948 00000 n 
0000000804 00000 n 
0000000995 00000 n 
0000000200 00000 n 
0000000133 00000 n 
0000000015 00000 n 
0000000730 00000 n 
0000000639 00000 n 
0000000666 00000 n 
0000000694 00000 n 
trailer
<<
/Size 12
/Root 3 0 R
/Info 8 0 R
>>
startxref
1038
%%EOF
"
`;
