// Jest Snapshot v1, https://goo.gl/fbAQLP

exports[`<IconGraduation/> should render 1`] = `
"%PDF-1.3
%����
7 0 obj
<<
/Type /Page
/Parent 1 0 R
/MediaBox [0 0 595.280029 841.890015]
/Contents 5 0 R
/Resources 6 0 R
>>
endobj
6 0 obj
<<
/ProcSet [/PDF /Text /ImageB /ImageC /ImageI]
>>
endobj
5 0 obj
<<
/Length 1028
>>
stream
1 0 0 -1 0 841.890015 cm
q
q
1 0 0 1 0 0 cm
q
q
0 3 m
12 3 l
12 3 12 3 12 3 c
12 15 l
12 15 12 15 12 15 c
0 15 l
0 15 0 15 0 15 c
0 3 l
0 3 0 3 0 3 c
h
W n
1 0 0 1 0 3 cm
0.01875 0 0 0.01875 0 0 cm
1 0 0 1 0 64 cm
q
/DeviceRGB cs
0 0 0 scn
622.34 153.2 m
343.4 67.5 l
328.2 62.83 311.8 62.83 296.61 67.5 c
17.66 153.2 l
-5.88 160.43 -5.88 191.56 17.66 198.79 c
66.29 213.73 l
55.62 226.92 49.06 243.01 48.41 260.63 c
38.78 266.15 32 276.11 32 288 c
32 298.78 37.68 307.85 45.86 313.65 c
20.33 428.53 l
18.11 438.52 25.71 448 35.94 448 c
92.05 448 l
102.29 448 109.89 438.52 107.67 428.53 c
82.14 313.65 l
90.32 307.85 96 298.78 96 288 c
96 276.43 89.53 266.75 80.34 261.13 c
81.1 246.11 88.78 232.83 101.03 224.41 c
296.6 284.5 l
305.66 287.28 323.04 290.75 343.39 284.5 c
622.34 198.8 l
645.89 191.56 645.89 160.44 622.34 153.2 c
h
352.79 315.09 m
324.26 323.85 299.95 319.01 287.2 315.09 c
142.18 270.54 l
128 384 l
128 419.35 213.96 448 320 448 c
426.04 448 512 419.35 512 384 c
497.82 270.53 l
352.79 315.09 l
h
f
Q
Q
Q
Q
Q

endstream
endobj
9 0 obj
(react-pdf)
endobj
10 0 obj
(react-pdf)
endobj
11 0 obj
(D:20210414183756Z)
endobj
8 0 obj
<<
/Producer 9 0 R
/Creator 10 0 R
/CreationDate 11 0 R
>>
endobj
3 0 obj
<<
/Type /Catalog
/Pages 1 0 R
/Names 2 0 R
/ViewerPreferences 4 0 R
>>
endobj
1 0 obj
<<
/Type /Pages
/Count 1
/Kids [7 0 R]
>>
endobj
2 0 obj
<<
/Dests <<
  /Names [
]
>>
>>
endobj
4 0 obj
<<
/DisplayDocTitle true
>>
endobj
xref
0 12
0000000000 65535 f 
0000001532 00000 n 
0000001589 00000 n 
0000001445 00000 n 
0000001636 00000 n 
0000000200 00000 n 
0000000133 00000 n 
0000000015 00000 n 
0000001371 00000 n 
0000001280 00000 n 
0000001307 00000 n 
0000001335 00000 n 
trailer
<<
/Size 12
/Root 3 0 R
/Info 8 0 R
>>
startxref
1679
%%EOF
"
`;
